===== display logbuffer =====
Logging buffer configuration and contents : enabled
Allowed max buffer size : 10240
Actual buffer size : 512
Channel number : 4 , Channel name : logbuffer
Dropped messages : 0
Overwritten messages : 0
Current messages : 14

Sep  7 2026 03:32:43 HUAWEI %%01SSH/4/SSHS_IP_BLOCK_CLIENT(s):CID=0x8093271f;SSH client IP blocked due to authentication failure in last 1 hour. (IpAddress=192.168.30.134, VpnName=_public_, BlockCount=1).
Sep  4 2026 08:10:13 HUAWEI %%01IFNET/2/linkDown_clear(l):CID=0x807a0404-alarmID=0x08520003-clearType=service_resume;The interface status changes. (ifName=Vlanif10, AdminStatus=UP, OperStatus=UP, Reason=Interface physical link is up, mainIfname=Vlanif10)
Sep  4 2026 08:07:17 HUAWEI %%01IFNET/2/linkDown_clear(l):CID=0x807a0404-alarmID=0x08520003-clearType=service_resume;The interface status changes. (ifName=GE1/0/3, AdminStatus=UP, OperStatus=UP, Reason=Interface physical link is up, mainIfname=GE1/0/3)
Sep  4 2026 08:07:17 HUAWEI %%01IFNET/2/linkDown_clear(l):CID=0x807a0404-alarmID=0x08520003-clearType=service_resume;The interface status changes. (ifName=GE1/0/4, AdminStatus=UP, OperStatus=UP, Reason=Interface physical link is up, mainIfname=GE1/0/4)
Sep  4 2026 08:07:17 HUAWEI %%01IFNET/2/linkDown_clear(l):CID=0x807a0404-alarmID=0x08520003-clearType=service_resume;The interface status changes. (ifName=GE1/0/7, AdminStatus=UP, OperStatus=UP, Reason=Interface physical link is up, mainIfname=GE1/0/7)
Sep  4 2026 08:07:17 HUAWEI %%01IFNET/2/linkDown_clear(l):CID=0x807a0404-alarmID=0x08520003-clearType=service_resume;The interface status changes. (ifName=GE1/0/8, AdminStatus=UP, OperStatus=UP, Reason=Interface physical link is up, mainIfname=GE1/0/8)
Sep  4 2026 08:07:17 HUAWEI %%01IFNET/2/linkDown_clear(l):CID=0x807a0404-alarmID=0x08520003-clearType=service_resume;The interface status changes. (ifName=GE1/0/5, AdminStatus=UP, OperStatus=UP, Reason=Interface physical link is up, mainIfname=GE1/0/5)
Sep  4 2026 08:07:17 HUAWEI %%01IFNET/2/linkDown_clear(l):CID=0x807a0404-alarmID=0x08520003-clearType=service_resume;The interface status changes. (ifName=GE1/0/9, AdminStatus=UP, OperStatus=UP, Reason=Interface physical link is up, mainIfname=GE1/0/9)
Sep  4 2026 08:07:17 HUAWEI %%01IFNET/2/linkDown_clear(l):CID=0x807a0404-alarmID=0x08520003-clearType=service_resume;The interface status changes. (ifName=GE1/0/6, AdminStatus=UP, OperStatus=UP, Reason=Interface physical link is up, mainIfname=GE1/0/6)
Sep  4 2026 08:07:17 HUAWEI %%01IFNET/2/linkDown_clear(l):CID=0x807a0404-alarmID=0x08520003-clearType=service_resume;The interface status changes. (ifName=GE1/0/0, AdminStatus=UP, OperStatus=UP, Reason=Interface physical link is up, mainIfname=GE1/0/0)
Sep  4 2026 08:07:17 HUAWEI %%01IFNET/2/linkDown_clear(l):CID=0x807a0404-alarmID=0x08520003-clearType=service_resume;The interface status changes. (ifName=GE1/0/1, AdminStatus=UP, OperStatus=UP, Reason=Interface physical link is up, mainIfname=GE1/0/1)
Sep  4 2026 08:07:17 HUAWEI %%01IFNET/2/linkDown_clear(l):CID=0x807a0404-alarmID=0x08520003-clearType=service_resume;The interface status changes. (ifName=GE1/0/2, AdminStatus=UP, OperStatus=UP, Reason=Interface physical link is up, mainIfname=GE1/0/2)
Sep  4 2026 08:07:00 HUAWEI %%01SNMP/4/SNMP_RESET(l):CID=0x80d50400;SNMP was switched to a new process.
Sep  4 2026 08:06:59 HUAWEI %%01SSHS/4/CALLHOME_RECORD(s):CID=0x8093271f;Callhome function maintenance information is collected. (Details =No active configuration present for callhome)

===== display trapbuffer =====
Trapping buffer configuration and contents : enabled
Allowed max buffer size : 1024
Actual buffer size : 256
Channel number : 3 , Channel name : trapbuffer
Dropped messages : 0
Overwritten messages : 0
Current messages : 3

Sep  4 2026 08:07:19 HUAWEI %%01DEVM/6/entConfigChange(t):CID=0x80fa0003-OID=1.3.6.1.2.1.47.2.0.1;1.3.6.1.2.1.47.2.0.1 Entity MIB change.
Sep  4 2026 08:07:00 HUAWEI %%01SNMP/4/hwSNMPReset(t):CID=0x80d50400-OID=1.3.6.1.4.1.2011.5.25.164.3.3;SNMP was switched to a new process.
Sep  4 2026 08:06:46 HUAWEI %%01DEVM/6/entConfigChange(t):CID=0x80fa0003-OID=1.3.6.1.2.1.47.2.0.1;1.3.6.1.2.1.47.2.0.1 Entity MIB change.

